// Jest Snapshot v1, https://goo.gl/fbAQLP

exports[`<PaginationPanel /> should match snapshot 1`] = `
<Component
  displayedIndexes={5}
  loadLeftPaginationIndexes={[Function]}
  loadRightPaginationIndexes={[Function]}
  pageIndex={5}
  pagesNumber={10}
  startIndex={1}
  switchPage={[Function]}
>
  <div
    className="pagination"
  >
    <Component
      displayedIndexes={5}
      loadLeftPaginationIndexes={[Function]}
      loadRightPaginationIndexes={[Function]}
      pageIndex={5}
      pagesNumber={10}
      startIndex={1}
      switchPage={[Function]}
    >
      <a
        href=""
        onClick={[Function]}
      >
        &lt;&lt;
      </a>
    </Component>
    <div>
      <Component
        index={1}
        key="0"
        onChange={[Function]}
      >
        <a
          href=""
          onClick={[Function]}
        >
          1
        </a>
      </Component>
      <Component
        index={2}
        key="1"
        onChange={[Function]}
      >
        <a
          href=""
          onClick={[Function]}
        >
          2
        </a>
      </Component>
      <Component
        index={3}
        key="2"
        onChange={[Function]}
      >
        <a
          href=""
          onClick={[Function]}
        >
          3
        </a>
      </Component>
      <Component
        index={4}
        key="3"
        onChange={[Function]}
      >
        <a
          href=""
          onClick={[Function]}
        >
          4
        </a>
      </Component>
      <Component
        index={5}
        key="4"
      >
        <a
          className="active"
          href=""
          onClick={[Function]}
        >
          5
        </a>
      </Component>
    </div>
    <Component
      displayedIndexes={5}
      loadLeftPaginationIndexes={[Function]}
      loadRightPaginationIndexes={[Function]}
      pageIndex={5}
      pagesNumber={10}
      startIndex={1}
      switchPage={[Function]}
    >
      <a
        href=""
        onClick={[Function]}
      >
        &gt;&gt;
      </a>
    </Component>
  </div>
</Component>
`;
